in_source: |-
  print("What's your name?");
  char c = input();
  print(10);
  print("Hello, ");
  while(c){
      print(c);
      c = input();
  }
in_stdin: |-
  ITMO
